// Jest Snapshot v1, https://goo.gl/fbAQLP

exports[`<Header /> should match snapshot 1`] = `
<div>
  <header
    class="MuiPaper-root MuiPaper-elevation MuiPaper-elevation4 MuiAppBar-root MuiAppBar-colorPrimary MuiAppBar-positionSticky css-ij0bk7-MuiPaper-root-MuiAppBar-root"
  >
    <div
      class="MuiContainer-root MuiContainer-maxWidthLg MuiToolbar-root MuiToolbar-gutters MuiToolbar-regular css-19u80em-MuiContainer-root-MuiToolbar-root"
    >
      <h2
        class="css-un64pd"
      >
        <a
          data-testid="homePage"
          href="/"
        >
          GERAL QUIZ
        </a>
      </h2>
    </div>
  </header>
</div>
`;
